../Core/Src/lcd5110_graphics.c:9:6:LCD5110_update	16	static
../Core/Src/lcd5110_graphics.c:16:6:LCD5110_clrScr	16	static
../Core/Src/lcd5110_graphics.c:23:6:LCD5110_fillScr	16	static
../Core/Src/lcd5110_graphics.c:30:6:LCD5110_setPixel	16	static
../Core/Src/lcd5110_graphics.c:35:6:LCD5110_clrPixel	16	static
../Core/Src/lcd5110_graphics.c:40:6:LCD5110_invPixel	16	static
../Core/Src/lcd5110_graphics.c:45:6:LCD5110_drawHLine	32	static
../Core/Src/lcd5110_graphics.c:52:6:LCD5110_clrHLine	32	static
../Core/Src/lcd5110_graphics.c:59:6:LCD5110_drawVLine	32	static
../Core/Src/lcd5110_graphics.c:66:6:LCD5110_clrVLine	32	static
../Core/Src/lcd5110_graphics.c:73:6:LCD5110_drawLine	48	static
../Core/Src/lcd5110_graphics.c:90:6:LCD5110_drawRect	24	static
../Core/Src/lcd5110_graphics.c:97:6:LCD5110_drawCircle	48	static
../Core/Src/lcd5110_graphics.c:131:6:desenharSeta	16	static
../Core/Src/lcd5110_graphics.c:160:6:mostrarResultado	16	static
../Core/Src/lcd5110_graphics.c:173:6:mostrarTelaInicial	8	static
