20:52:52 **** Incremental Build of configuration Debug for project TRABALHO_SPI_I2C ****
make -j12 all 
arm-none-eabi-gcc "../Core/Src/main.c" -mcpu=cortex-m4 -std=gnu11 -g3 -DDEBUG -DUSE_HAL_DRIVER -DSTM32F446xx -c -I../Core/Inc -I../Drivers/STM32F4xx_HAL_Driver/Inc -I../Drivers/STM32F4xx_HAL_Driver/Inc/Legacy -I../Drivers/CMSIS/Device/ST/STM32F4xx/Include -I../Drivers/CMSIS/Include -O0 -ffunction-sections -fdata-sections -Wall -fstack-usage -fcyclomatic-complexity -MMD -MP -MF"Core/Src/main.d" -MT"Core/Src/main.o" --specs=nano.specs -mfpu=fpv4-sp-d16 -mfloat-abi=hard -mthumb -o "Core/Src/main.o"
arm-none-eabi-gcc -o "TRABALHO_SPI_I2C.elf" @"objects.list"   -mcpu=cortex-m4 -T"C:\Users\lucas\OneDrive\Documentos\Atividades-Liberato\4-ano\Micros_2\SPI_I2C\TRABALHO_SPI_I2C\STM32F446RETX_FLASH.ld" --specs=nosys.specs -Wl,-Map="TRABALHO_SPI_I2C.map" -Wl,--gc-sections -static --specs=nano.specs -mfpu=fpv4-sp-d16 -mfloat-abi=hard -mthumb -u _printf_float -Wl,--start-group -lc -lm -Wl,--end-group
Finished building target: TRABALHO_SPI_I2C.elf
 
arm-none-eabi-size  TRABALHO_SPI_I2C.elf 
arm-none-eabi-objdump -h -S TRABALHO_SPI_I2C.elf  > "TRABALHO_SPI_I2C.list"
   text	   data	    bss	    dec	    hex	filename
  38396	    516	   2756	  41668	   a2c4	TRABALHO_SPI_I2C.elf
Finished building: default.size.stdout
 
Finished building: TRABALHO_SPI_I2C.list
 

20:52:53 Build Finished. 0 errors, 0 warnings. (took 1s.235ms)

